// Jest Snapshot v1, https://goo.gl/fbAQLP

exports[`success: renders correctly 1`] = `"release checkout"`;
